// Jest Snapshot v1, https://goo.gl/fbAQLP

exports[`OrderDetails should render the OrderDetails correctly when the type prop is caterer 1`] = `
<Fragment>
  <Connect(CatererOrderDetails)
    type="caterer"
    user={
      Object {
        "address": "$, Herbert Macaulay Way, Yaba, Lagos",
        "businessName": "Food Circle",
        "email": "food@circle.com",
        "id": "a09a5570-a3b2-4e21-94c3-5cf483dbd1ac",
        "phoneNo": "08166557788",
        "role": "caterer",
      }
    }
  />
</Fragment>
`;

exports[`OrderDetails should render the OrderDetails correctly when the type prop is customer 1`] = `
<Fragment>
  <Connect(CustomerOrderDetails)
    type="customer"
    user={
      Object {
        "email": "emiola@olasanmi.com",
        "firstname": "Emiola",
        "id": "a09a5570-a3b2-4e21-94c3-5cf483dbd1ac",
        "lastname": "Olasanmi",
        "role": "customer",
      }
    }
  />
</Fragment>
`;
