// Jest Snapshot v1, https://goo.gl/fbAQLP

exports[`Footer should render the Footer component correctly 1`] = `
<div
  className="footer"
>
  <p>
    Â© 2018. Iveren Shaguy. All images were gotten from the internet and are not mine.
  </p>
</div>
`;
