// Jest Snapshot v1, https://goo.gl/fbAQLP

exports[`ForgotPasswordForm should render the Forgot Password Form correctly 1`] = `
<Fragment>
  <RenderInput
    handleBlur={[MockFunction]}
    handleChange={[MockFunction]}
    handleFocus={[MockFunction]}
    id="email"
    label="Your Email Address"
    meta={
      Object {
        "error": null,
        "touched": false,
      }
    }
    name="email"
    placeholder=""
    required={true}
    type="email"
    value=""
  />
</Fragment>
`;
