// Jest Snapshot v1, https://goo.gl/fbAQLP

exports[`ResetPasswordForm should render the Reset Password Form correctly 1`] = `
<Fragment>
  <RenderInput
    handleBlur={[MockFunction]}
    handleChange={[MockFunction]}
    handleFocus={[MockFunction]}
    id="password"
    label="Password"
    meta={
      Object {
        "error": null,
        "touched": false,
      }
    }
    name="password"
    placeholder=""
    required={true}
    type="password"
    value=""
  />
  <RenderInput
    handleBlur={[MockFunction]}
    handleChange={[MockFunction]}
    handleFocus={[MockFunction]}
    id="passwordConfirm"
    label="Confirm Your Password"
    meta={
      Object {
        "error": null,
        "touched": false,
      }
    }
    name="passwordConfirm"
    placeholder=""
    required={true}
    type="password"
    value=""
  />
</Fragment>
`;
