// Jest Snapshot v1, https://goo.gl/fbAQLP

exports[`CustomerSignupForm should render the Customer Signup Form correctly 1`] = `
<Fragment>
  <RenderInput
    handleBlur={[MockFunction]}
    handleChange={[MockFunction]}
    handleFocus={[MockFunction]}
    id="firstname"
    label="First Name"
    meta={
      Object {
        "asyncValidating": false,
        "error": null,
        "touched": false,
      }
    }
    name="firstname"
    placeholder=""
    required={true}
    type="text"
    value=""
  />
  <RenderInput
    handleBlur={[MockFunction]}
    handleChange={[MockFunction]}
    handleFocus={[MockFunction]}
    id="lastname"
    label="Last Name"
    meta={
      Object {
        "asyncValidating": false,
        "error": null,
        "touched": false,
      }
    }
    name="lastname"
    placeholder=""
    required={true}
    type="text"
    value=""
  />
  <RenderInput
    handleBlur={[MockFunction]}
    handleChange={[MockFunction]}
    handleFocus={[MockFunction]}
    id="email"
    label="Email Address"
    meta={
      Object {
        "asyncValidating": false,
        "error": null,
        "touched": false,
      }
    }
    name="email"
    placeholder=""
    required={true}
    type="email"
    value=""
  />
  <RenderInput
    handleBlur={[MockFunction]}
    handleChange={[MockFunction]}
    handleFocus={[MockFunction]}
    id="password"
    label="Password"
    meta={
      Object {
        "error": null,
        "touched": false,
      }
    }
    name="password"
    placeholder=""
    required={true}
    type="password"
    value=""
  />
  <RenderInput
    handleBlur={[MockFunction]}
    handleChange={[MockFunction]}
    handleFocus={[MockFunction]}
    id="passwordConfirm"
    label="Password Confirm"
    meta={
      Object {
        "error": null,
        "touched": false,
      }
    }
    name="passwordConfirm"
    placeholder=""
    required={true}
    type="password"
    value=""
  />
</Fragment>
`;
