// Jest Snapshot v1, https://goo.gl/fbAQLP

exports[`App should render the App component correctly 1`] = `
<Fragment>
  <ConnectedRouter
    history={
      Object {
        "action": "POP",
        "block": [Function],
        "createHref": [Function],
        "go": [Function],
        "goBack": [Function],
        "goForward": [Function],
        "length": 1,
        "listen": [Function],
        "location": Object {
          "hash": "",
          "pathname": "/",
          "search": "",
          "state": undefined,
        },
        "push": [Function],
        "replace": [Function],
      }
    }
  >
    <Routes />
  </ConnectedRouter>
  <Connect(ReduxToastr)
    newestOnTop={false}
    preventDuplicates={true}
    timeOut={3000}
    transitionIn="bounceIn"
    transitionOut="fadeOut"
  />
</Fragment>
`;
