// Jest Snapshot v1, https://goo.gl/fbAQLP

exports[`MenuModal should render MenuModal component correctly 1`] = `<Connect(MenuForm) />`;
